
Memory Configuration

Name             Origin             Length             Attributes
*default*        0x00000000         0xffffffff

Linker script and memory map


.vec            0x00000000        0x4
 *(.vec)
 .vec           0x00000000        0x4 ./src/r_cg_vector_table.o
                0x00000000                HardwareVectors

.vects          0x00000004       0x7c
 *(.vects)
 .vects         0x00000004       0x7c ./src/r_cg_vector_table.o
                0x00000004                Vectors

.text           0x000000d8      0x2c8
 *(.text)
 .text          0x000000d8       0x9b ./src/r_cg_cgc.o
                0x000000d8                R_CGC_Create
 .text          0x00000173       0x14 ./src/r_cg_cgc_user.o
                0x00000173                R_CGC_Get_ResetSource
 .text          0x00000187       0x1e ./src/r_cg_port.o
                0x00000187                R_PORT_Create
 .text          0x000001a5        0x0 ./src/r_cg_port_user.o
 .text          0x000001a5        0xc ./src/r_cg_vector_table.o
                0x000001a5                R_Dummy
 .text          0x000001b1       0x8e ./src/r_cg_wdt.o
                0x000001b1                R_WDT_Create
                0x0000022f                R_WDT_Restart
 .text          0x0000023f        0x1 ./src/r_cg_wdt_user.o
                0x0000023f                r_wdt_interrupt
 .text          0x00000240       0x64 ./src/r_hardware_setup.o
                0x00000240                R_Systeminit
                0x00000293                HardwareSetup
 .text          0x000002a4       0x9b ./src/r_main.o
                0x000002a4                main
                0x000002f2                R_MAIN_UserInit
                0x00000305                delayMs
 .text          0x0000033f       0x60 ./src/r_reset_program.o
                0x00000341                PowerON_Reset
 *(.text.*)
                0x0000039f                etext = .
                0x000003a0                . = ALIGN (0x2)
 *fill*         0x0000039f        0x1 

.plt            0x000003a0        0x0
 .plt           0x000003a0        0x0 ./src/r_cg_vector_table.o

.init
 *(.init)

.fini
 *(.fini)

.got
 *(.got)
 *(.got.plt)

.rodata         0x00003000        0x0
                0x00003000                . = ALIGN (0x2)
 *(.rodata)
 *(.rodata.*)
                0x00003000                _erodata = .

.eh_frame_hdr
 *(.eh_frame_hdr)

.eh_frame
 *(.eh_frame)

.jcr
 *(.jcr)

.tors           0x000003a0        0x0
                0x000003a0                __CTOR_LIST__ = .
                0x000003a0                . = ALIGN (0x2)
                0x000003a0                ___ctors = .
 *(.ctors)
                0x000003a0                ___ctors_end = .
                0x000003a0                __CTOR_END__ = .
                0x000003a0                __DTOR_LIST__ = .
                0x000003a0                ___dtors = .
 *(.dtors)
                0x000003a0                ___dtors_end = .
                0x000003a0                __DTOR_END__ = .
                0x000003a0                . = ALIGN (0x2)
                0x000003a0                _mdata = .

.data           0x000faf00        0x0 load address 0x000003a0
                0x000faf00                . = ALIGN (0x2)
                0x000faf00                _data = .
 *(.data)
 .data          0x000faf00        0x0 ./src/r_cg_cgc.o
 .data          0x000faf00        0x0 ./src/r_cg_cgc_user.o
 .data          0x000faf00        0x0 ./src/r_cg_port.o
 .data          0x000faf00        0x0 ./src/r_cg_port_user.o
 .data          0x000faf00        0x0 ./src/r_cg_vector_table.o
 .data          0x000faf00        0x0 ./src/r_cg_wdt.o
 .data          0x000faf00        0x0 ./src/r_cg_wdt_user.o
 .data          0x000faf00        0x0 ./src/r_hardware_setup.o
 .data          0x000faf00        0x0 ./src/r_main.o
 .data          0x000faf00        0x0 ./src/r_reset_program.o
 *(.data.*)
                0x000faf00                . = ALIGN (0x2)
                0x000faf00                _edata = .

.bss            0x000faf00        0x0 load address 0x000003a0
                0x000faf00                . = ALIGN (0x2)
                0x000faf00                _bss = .
 *(.bss)
 .bss           0x000faf00        0x0 ./src/r_cg_cgc.o
 .bss           0x000faf00        0x0 ./src/r_cg_cgc_user.o
 .bss           0x000faf00        0x0 ./src/r_cg_port.o
 .bss           0x000faf00        0x0 ./src/r_cg_port_user.o
 .bss           0x000faf00        0x0 ./src/r_cg_vector_table.o
 .bss           0x000faf00        0x0 ./src/r_cg_wdt.o
 .bss           0x000faf00        0x0 ./src/r_cg_wdt_user.o
 .bss           0x000faf00        0x0 ./src/r_hardware_setup.o
 .bss           0x000faf00        0x0 ./src/r_main.o
 .bss           0x000faf00        0x0 ./src/r_reset_program.o
 *(.bss.**)
                0x000faf00                . = ALIGN (0x2)
 *(COMMON)
                0x000faf00                . = ALIGN (0x2)
                0x000faf00                _ebss = .
                0x000faf00                _end = .

.stack          0x000ffe00        0x0
                0x000ffe00                _stack = .

.option_bytes   0x000000c0        0x4
 *(.option_bytes)
 .option_bytes  0x000000c0        0x4 ./src/r_cg_vector_table.o
                0x000000c0                Option_Bytes

.security_id    0x000000c4        0xa
 *(.security_id)
 .security_id   0x000000c4        0xa ./src/r_cg_vector_table.o
                0x000000c4                Security_Id

.ocd_traceram
 *(.ocd_traceram)
LOAD ./src/r_cg_cgc.o
LOAD ./src/r_cg_cgc_user.o
LOAD ./src/r_cg_port.o
LOAD ./src/r_cg_port_user.o
LOAD ./src/r_cg_vector_table.o
LOAD ./src/r_cg_wdt.o
LOAD ./src/r_cg_wdt_user.o
LOAD ./src/r_hardware_setup.o
LOAD ./src/r_main.o
LOAD ./src/r_reset_program.o
LOAD libRL78G14_001.a
START GROUP
LOAD C:\Users\mrchu_000\My Documents\e2_studio\workspace\RL78G14_001\HardwareDebug\libRL78G14_001.a
LOAD C:\Renesas\E2_STU~1\GNURL7~1.02-\rl78-ELF/lib/gcc/rl78-elf//4.8-GNURL78_v13.02\libgcc.a
END GROUP
OUTPUT(RL78G14_001.x elf32-rl78)

.debug_frame    0x00000000      0x19c
 .debug_frame   0x00000000       0x24 ./src/r_cg_cgc.o
 .debug_frame   0x00000024       0x2c ./src/r_cg_cgc_user.o
 .debug_frame   0x00000050       0x24 ./src/r_cg_port.o
 .debug_frame   0x00000074       0x40 ./src/r_cg_vector_table.o
 .debug_frame   0x000000b4       0x34 ./src/r_cg_wdt.o
 .debug_frame   0x000000e8       0x24 ./src/r_cg_wdt_user.o
 .debug_frame   0x0000010c       0x3c ./src/r_hardware_setup.o
 .debug_frame   0x00000148       0x54 ./src/r_main.o

.debug_info     0x00000000      0xa08
 .debug_info    0x00000000      0x136 ./src/r_cg_cgc.o
 .debug_info    0x00000136       0x7b ./src/r_cg_cgc_user.o
 .debug_info    0x000001b1      0x132 ./src/r_cg_port.o
 .debug_info    0x000002e3       0x48 ./src/r_cg_port_user.o
 .debug_info    0x0000032b      0x10c ./src/r_cg_vector_table.o
 .debug_info    0x00000437      0x20e ./src/r_cg_wdt.o
 .debug_info    0x00000645       0x61 ./src/r_cg_wdt_user.o
 .debug_info    0x000006a6      0x152 ./src/r_hardware_setup.o
 .debug_info    0x000007f8      0x17e ./src/r_main.o
 .debug_info    0x00000976       0x92 ./src/r_reset_program.o

.debug_abbrev   0x00000000      0x4c9
 .debug_abbrev  0x00000000       0x9e ./src/r_cg_cgc.o
 .debug_abbrev  0x0000009e       0x53 ./src/r_cg_cgc_user.o
 .debug_abbrev  0x000000f1       0x82 ./src/r_cg_port.o
 .debug_abbrev  0x00000173       0x1b ./src/r_cg_port_user.o
 .debug_abbrev  0x0000018e       0x7e ./src/r_cg_vector_table.o
 .debug_abbrev  0x0000020c       0xa4 ./src/r_cg_wdt.o
 .debug_abbrev  0x000002b0       0x37 ./src/r_cg_wdt_user.o
 .debug_abbrev  0x000002e7       0xd0 ./src/r_hardware_setup.o
 .debug_abbrev  0x000003b7       0xfe ./src/r_main.o
 .debug_abbrev  0x000004b5       0x14 ./src/r_reset_program.o

.debug_aranges  0x00000000      0x138
 .debug_aranges
                0x00000000       0x20 ./src/r_cg_cgc.o
 .debug_aranges
                0x00000020       0x20 ./src/r_cg_cgc_user.o
 .debug_aranges
                0x00000040       0x20 ./src/r_cg_port.o
 .debug_aranges
                0x00000060       0x18 ./src/r_cg_port_user.o
 .debug_aranges
                0x00000078       0x20 ./src/r_cg_vector_table.o
 .debug_aranges
                0x00000098       0x20 ./src/r_cg_wdt.o
 .debug_aranges
                0x000000b8       0x20 ./src/r_cg_wdt_user.o
 .debug_aranges
                0x000000d8       0x20 ./src/r_hardware_setup.o
 .debug_aranges
                0x000000f8       0x20 ./src/r_main.o
 .debug_aranges
                0x00000118       0x20 ./src/r_reset_program.o

.debug_line     0x00000000      0x3c2
 .debug_line    0x00000000       0x5c ./src/r_cg_cgc.o
 .debug_line    0x0000005c       0x5e ./src/r_cg_cgc_user.o
 .debug_line    0x000000ba       0x53 ./src/r_cg_port.o
 .debug_line    0x0000010d       0x1d ./src/r_cg_port_user.o
 .debug_line    0x0000012a       0x62 ./src/r_cg_vector_table.o
 .debug_line    0x0000018c       0x5f ./src/r_cg_wdt.o
 .debug_line    0x000001eb       0x47 ./src/r_cg_wdt_user.o
 .debug_line    0x00000232       0x79 ./src/r_hardware_setup.o
 .debug_line    0x000002ab       0x9e ./src/r_main.o
 .debug_line    0x00000349       0x79 ./src/r_reset_program.o

.debug_str      0x00000000      0x32f
 .debug_str     0x00000000      0x133 ./src/r_cg_cgc.o
                                0x13f (size before relaxing)
 .debug_str     0x00000133       0x40 ./src/r_cg_cgc_user.o
                                0x14a (size before relaxing)
 .debug_str     0x00000173       0x2e ./src/r_cg_port.o
                                0x140 (size before relaxing)
 .debug_str     0x000001a1       0x18 ./src/r_cg_port_user.o
                                0x122 (size before relaxing)
 .debug_str     0x000001b9       0x5a ./src/r_cg_vector_table.o
                                0x174 (size before relaxing)
 .debug_str     0x00000213       0x72 ./src/r_cg_wdt.o
                                0x186 (size before relaxing)
 .debug_str     0x00000285       0x27 ./src/r_cg_wdt_user.o
                                0x131 (size before relaxing)
 .debug_str     0x000002ac       0x47 ./src/r_hardware_setup.o
                                0x161 (size before relaxing)
 .debug_str     0x000002f3       0x3c ./src/r_main.o
                                0x161 (size before relaxing)

.comment        0x00000000       0x5d
 .comment       0x00000000       0x5d ./src/r_cg_cgc.o
                                 0x5e (size before relaxing)
 .comment       0x00000000       0x5e ./src/r_cg_cgc_user.o
 .comment       0x00000000       0x5e ./src/r_cg_port.o
 .comment       0x00000000       0x5e ./src/r_cg_port_user.o
 .comment       0x00000000       0x5e ./src/r_cg_vector_table.o
 .comment       0x00000000       0x5e ./src/r_cg_wdt.o
 .comment       0x00000000       0x5e ./src/r_cg_wdt_user.o
 .comment       0x00000000       0x5e ./src/r_hardware_setup.o
 .comment       0x00000000       0x5e ./src/r_main.o
